// Jest Snapshot v1, https://goo.gl/fbAQLP

exports[`should render correctly with no props 1`] = `
<div
  className="App"
>
  <WithStyles(ButtonAppBar) />
  <Header
    name="test"
  />
  <h1>
    Add
  </h1>
  0
</div>
`;
